// Jest Snapshot v1, https://goo.gl/fbAQLP

exports[`renders without crashing 1`] = `
<nav
  className="navbar navbar-expand-lg"
  id="bto-menu"
>
  <div
    className="container"
  >
    <a
      className="navbar-brand"
      href="/"
    >
      Brian Olencki
    </a>
    <button
      aria-controls="navbarSupportedContent"
      aria-expanded="false"
      aria-label="Toggle navigation"
      className="navbar-toggler"
      data-target="#navbarSupportedContent"
      data-toggle="collapse"
      type="button"
    >
      <span
        className="navbar-toggler-icon"
      />
    </button>
    <div
      className="collapse navbar-collapse"
      id="navbarSupportedContent"
    >
      <ul
        className="navbar-nav mr-auto"
      >
        <li
          className="nav-item"
        >
          <a
            className="nav-link"
            href="#projects"
          >
            Projects
          </a>
        </li>
        <li
          className="nav-item"
        >
          <a
            className="nav-link"
            href="https://repo.bolencki13.com/"
          >
            Cydia Repo
          </a>
        </li>
      </ul>
    </div>
  </div>
</nav>
`;
